/usr/local/lib/python3.11/site-packages/gunicorn/workers/geventlet.py:23: EventletDeprecationWarning: 
Eventlet is deprecated. It is currently being maintained in bugfix mode, and
we strongly recommend against using it for new projects.

If you are already using Eventlet, we recommend migrating to a different
framework.  For more detail see
https://eventlet.readthedocs.io/en/latest/asyncio/migration.html

  import eventlet
[2026-04-15 00:18:48 +0800] [1008422] [INFO] Starting gunicorn 25.3.0
[2026-04-15 00:18:48 +0800] [1008422] [INFO] Listening at: http://127.0.0.1:5000 (1008422)
[2026-04-15 00:18:48 +0800] [1008422] [INFO] Using worker: eventlet
[2026-04-15 00:18:48 +0800] [1008432] [INFO] Booting worker with pid: 1008432
[2026-04-15 00:18:48 +0800] [1008432] [WARNING] The eventlet worker is DEPRECATED and will be removed in Gunicorn 26.0. Please migrate to gevent, gthread, or another supported worker type.
[2026-04-15 00:18:48 +0800] [1008433] [INFO] Booting worker with pid: 1008433
[2026-04-15 00:18:48 +0800] [1008433] [WARNING] The eventlet worker is DEPRECATED and will be removed in Gunicorn 26.0. Please migrate to gevent, gthread, or another supported worker type.
2026-04-15 00:19:03,117 - INFO - 所有模型文件已找到
2026-04-15 00:19:03,118 - INFO - 加载YOLO模型...
2026-04-15 00:19:03,121 - INFO - 所有模型文件已找到
2026-04-15 00:19:03,122 - INFO - 加载YOLO模型...
2026-04-15 00:19:03,474 - WARNING - YOLO 模型移动到 GPU 失败，使用 CPU: Found no NVIDIA driver on your system. Please check that you have an NVIDIA GPU and installed a driver from http://www.nvidia.com/Download/index.aspx
2026-04-15 00:19:03,475 - INFO - YOLO 当前设备: cpu
2026-04-15 00:19:03,475 - INFO - YOLO 模型类别: {0: 'nut', 1: 'bridge'}
2026-04-15 00:19:03,475 - INFO - 加载MediaPipe手部模型（CPU模式）...
WARNING: All log messages before absl::InitializeLog() is called are written to STDERR
E0000 00:00:1776183543.484578 1008433 gl_context.cc:408] INTERNAL: ; RET_CHECK failure (mediapipe/gpu/gl_context_egl.cc:303) successeglMakeCurrent() returned error 0x3008;  (entering GL context)
I0000 00:00:1776183543.484662 1008433 task_runner.cc:85] GPU suport is not available: INTERNAL: ; RET_CHECK failure (mediapipe/gpu/gl_context_egl.cc:77) display != EGL_NO_DISPLAYeglGetDisplay() returned error 0x300c
2026-04-15 00:19:03,489 - WARNING - YOLO 模型移动到 GPU 失败，使用 CPU: Found no NVIDIA driver on your system. Please check that you have an NVIDIA GPU and installed a driver from http://www.nvidia.com/Download/index.aspx
2026-04-15 00:19:03,489 - INFO - YOLO 当前设备: cpu
2026-04-15 00:19:03,490 - INFO - YOLO 模型类别: {0: 'nut', 1: 'bridge'}
2026-04-15 00:19:03,490 - INFO - 加载MediaPipe手部模型（CPU模式）...
WARNING: All log messages before absl::InitializeLog() is called are written to STDERR
E0000 00:00:1776183543.492684 1008432 gl_context.cc:408] INTERNAL: ; RET_CHECK failure (mediapipe/gpu/gl_context_egl.cc:303) successeglMakeCurrent() returned error 0x3008;  (entering GL context)
I0000 00:00:1776183543.492718 1008432 task_runner.cc:85] GPU suport is not available: INTERNAL: ; RET_CHECK failure (mediapipe/gpu/gl_context_egl.cc:77) display != EGL_NO_DISPLAYeglGetDisplay() returned error 0x300c
E0000 00:00:1776183543.503981 1008432 gl_context.cc:408] INTERNAL: ; RET_CHECK failure (mediapipe/gpu/gl_context_egl.cc:303) successeglMakeCurrent() returned error 0x3008;  (entering GL context)
E0000 00:00:1776183543.503981 1008433 gl_context.cc:408] INTERNAL: ; RET_CHECK failure (mediapipe/gpu/gl_context_egl.cc:303) successeglMakeCurrent() returned error 0x3008;  (entering GL context)
E0000 00:00:1776183543.504046 1008432 gl_context.cc:408] INTERNAL: ; RET_CHECK failure (mediapipe/gpu/gl_context_egl.cc:303) successeglMakeCurrent() returned error 0x3008;  (entering GL context)
E0000 00:00:1776183543.504047 1008433 gl_context.cc:408] INTERNAL: ; RET_CHECK failure (mediapipe/gpu/gl_context_egl.cc:303) successeglMakeCurrent() returned error 0x3008;  (entering GL context)
E0000 00:00:1776183543.504094 1008432 gl_context.cc:408] INTERNAL: ; RET_CHECK failure (mediapipe/gpu/gl_context_egl.cc:303) successeglMakeCurrent() returned error 0x3008;  (entering GL context)
E0000 00:00:1776183543.504098 1008433 gl_context.cc:408] INTERNAL: ; RET_CHECK failure (mediapipe/gpu/gl_context_egl.cc:303) successeglMakeCurrent() returned error 0x3008;  (entering GL context)
E0000 00:00:1776183543.504140 1008432 gl_context.cc:408] INTERNAL: ; RET_CHECK failure (mediapipe/gpu/gl_context_egl.cc:303) successeglMakeCurrent() returned error 0x3008;  (entering GL context)
E0000 00:00:1776183543.504140 1008433 gl_context.cc:408] INTERNAL: ; RET_CHECK failure (mediapipe/gpu/gl_context_egl.cc:303) successeglMakeCurrent() returned error 0x3008;  (entering GL context)
E0000 00:00:1776183543.504158 1008432 gl_context.cc:408] INTERNAL: ; RET_CHECK failure (mediapipe/gpu/gl_context_egl.cc:303) successeglMakeCurrent() returned error 0x3008;  (entering GL context)
E0000 00:00:1776183543.504159 1008433 gl_context.cc:408] INTERNAL: ; RET_CHECK failure (mediapipe/gpu/gl_context_egl.cc:303) successeglMakeCurrent() returned error 0x3008;  (entering GL context)
INFO: INFO: Created TensorFlow Lite XNNPACK delegate for CPU.Created TensorFlow Lite XNNPACK delegate for CPU.

2026-04-15 00:19:03,711 - INFO - MediaPipe 手部检测器初始化完成
2026-04-15 00:19:03,728 - INFO - MediaPipe 手部检测器初始化完成
Invalid session y97MXU-18fgsPiV-AAAA (further occurrences of this error will be logged with level INFO)
2026-04-15 00:19:03,797 - ERROR - Invalid session y97MXU-18fgsPiV-AAAA (further occurrences of this error will be logged with level INFO)
Invalid session se7-5sZAwCW5VVMCAAAA (further occurrences of this error will be logged with level INFO)
2026-04-15 00:19:06,906 - ERROR - Invalid session se7-5sZAwCW5VVMCAAAA (further occurrences of this error will be logged with level INFO)
